******************************************************************************
             TMS320C2000 Linker PC v22.6.0                     
******************************************************************************
>> Linked Sun Apr  9 22:34:33 2023

OUTPUT FILE NAME:   <qepm_extraction.out>
ENTRY POINT SYMBOL: "_c_int00"  address: 0008325e


MEMORY CONFIGURATION

         name            origin    length      used     unused   attr    fill
----------------------  --------  ---------  --------  --------  ----  --------
PAGE 0:
  RAMM0                 00000122   000002de  00000047  00000297  RWIX
  RAMLS0                00008000   00000800  0000003b  000007c5  RWIX
  RAMLS1                00008800   00000800  00000000  00000800  RWIX
  RAMLS2                00009000   00000800  00000000  00000800  RWIX
  RAMLS3                00009800   00000800  00000000  00000800  RWIX
  RAMLS4                0000a000   00000800  00000000  00000800  RWIX
  RAMD0                 0000b000   00000800  00000000  00000800  RWIX
  RAMGS14               0001a000   00001000  00000b50  000004b0  RWIX
  RAMGS15               0001b000   00001000  00000000  00001000  RWIX
  BEGIN                 00080000   00000002  00000002  00000000  RWIX
  FLASHA                00080002   00001ffe  00000000  00001ffe  RWIX
  FLASHB                00082000   00002000  000013d0  00000c30  RWIX
  FLASHC                00084000   00002000  00000000  00002000  RWIX
  FLASHD                00086000   00002000  0000003b  00001fc5  RWIX
  FLASHE                00088000   00008000  00000000  00008000  RWIX
  FLASHF                00090000   00008000  000001c0  00007e40  RWIX
  FLASHG                00098000   00008000  00000000  00008000  RWIX
  FLASHH                000a0000   00008000  00000000  00008000  RWIX
  FLASHI                000a8000   00008000  00000000  00008000  RWIX
  FLASHJ                000b0000   00008000  00000000  00008000  RWIX
  FLASHK                000b8000   00002000  00000000  00002000  RWIX
  FLASHL                000ba000   00002000  00000000  00002000  RWIX
  FLASHM                000bc000   00002000  00000000  00002000  RWIX
  FLASHN                000be000   00001ff0  00000000  00001ff0  RWIX
  FLASHN_DO_NOT_USE     000bfff0   00000010  00000000  00000010  RWIX
  RESET                 003fffc0   00000002  00000000  00000002  RWIX

PAGE 1:
  BOOT_RSVD             00000002   00000120  00000000  00000120  RWIX
  RAMM1                 00000400   00000400  00000200  00000200  RWIX
  ADCARESULT            00000b00   00000018  00000018  00000000  RWIX
  ADCBRESULT            00000b20   00000018  00000018  00000000  RWIX
  ADCCRESULT            00000b40   00000018  00000018  00000000  RWIX
  ADCDRESULT            00000b60   00000018  00000018  00000000  RWIX
  CPUTIMER0             00000c00   00000008  00000008  00000000  RWIX
  CPUTIMER1             00000c08   00000008  00000008  00000000  RWIX
  CPUTIMER2             00000c10   00000008  00000008  00000000  RWIX
  PIECTRL               00000ce0   0000001a  0000001a  00000000  RWIX
  PIEVECTTABLE          00000d00   00000200  000001c0  00000040  RWIX
  DMA                   00001000   00000200  000000e0  00000120  RWIX
  CLA1                  00001400   00000080  0000003e  00000042  RWIX
  CLB1LOGICCFG          00003000   00000052  0000003e  00000014  RWIX
  CLB1LOGICCTRL         00003100   00000040  00000040  00000000  RWIX
  CLB1DATAEXCH          00003200   00000200  00000108  000000f8  RWIX
  CLB2LOGICCFG          00003400   00000052  0000003e  00000014  RWIX
  CLB2LOGICCTRL         00003500   00000040  00000040  00000000  RWIX
  CLB2DATAEXCH          00003600   00000200  00000108  000000f8  RWIX
  CLB3LOGICCFG          00003800   00000052  0000003e  00000014  RWIX
  CLB3LOGICCTRL         00003900   00000040  00000040  00000000  RWIX
  CLB3DATAEXCH          00003a00   00000200  00000108  000000f8  RWIX
  CLB4LOGICCFG          00003c00   00000052  0000003e  00000014  RWIX
  CLB4LOGICCTRL         00003d00   00000040  00000040  00000000  RWIX
  CLB4DATAEXCH          00003e00   00000200  00000108  000000f8  RWIX
  EPWM1                 00004000   00000100  00000100  00000000  RWIX
  EPWM2                 00004100   00000100  00000100  00000000  RWIX
  EPWM3                 00004200   00000100  00000100  00000000  RWIX
  EPWM4                 00004300   00000100  00000100  00000000  RWIX
  EPWM5                 00004400   00000100  00000100  00000000  RWIX
  EPWM6                 00004500   00000100  00000100  00000000  RWIX
  EPWM7                 00004600   00000100  00000100  00000000  RWIX
  EPWM8                 00004700   00000100  00000100  00000000  RWIX
  EPWM9                 00004800   00000100  00000100  00000000  RWIX
  EPWM10                00004900   00000100  00000100  00000000  RWIX
  EPWM11                00004a00   00000100  00000100  00000000  RWIX
  EPWM12                00004b00   00000100  00000100  00000000  RWIX
  ECAP1                 00005000   00000020  0000001a  00000006  RWIX
  ECAP2                 00005020   00000020  0000001a  00000006  RWIX
  ECAP3                 00005040   00000020  0000001a  00000006  RWIX
  ECAP4                 00005060   00000020  0000001a  00000006  RWIX
  ECAP5                 00005080   00000020  0000001a  00000006  RWIX
  ECAP6                 000050a0   00000020  0000001a  00000006  RWIX
  EQEP1                 00005100   00000022  00000022  00000000  RWIX
  EQEP2                 00005140   00000022  00000022  00000000  RWIX
  EQEP3                 00005180   00000022  00000022  00000000  RWIX
  DACA                  00005c00   00000008  00000007  00000001  RWIX
  DACB                  00005c10   00000008  00000007  00000001  RWIX
  DACC                  00005c20   00000008  00000007  00000001  RWIX
  CMPSS1                00005c80   00000020  0000001b  00000005  RWIX
  CMPSS2                00005ca0   00000020  0000001b  00000005  RWIX
  CMPSS3                00005cc0   00000020  0000001b  00000005  RWIX
  CMPSS4                00005ce0   00000020  0000001b  00000005  RWIX
  CMPSS5                00005d00   00000020  0000001b  00000005  RWIX
  CMPSS6                00005d20   00000020  0000001b  00000005  RWIX
  CMPSS7                00005d40   00000020  0000001b  00000005  RWIX
  CMPSS8                00005d60   00000020  0000001b  00000005  RWIX
  SDFM1                 00005e00   00000080  00000048  00000038  RWIX
  SDFM2                 00005e80   00000080  00000048  00000038  RWIX
  MCBSPA                00006000   00000024  00000024  00000000  RWIX
  MCBSPB                00006040   00000024  00000024  00000000  RWIX
  SPIA                  00006100   00000010  00000010  00000000  RWIX
  SPIB                  00006110   00000010  00000010  00000000  RWIX
  SPIC                  00006120   00000010  00000010  00000000  RWIX
  UPP                   00006200   00000048  00000048  00000000  RWIX
  WD                    00007000   0000002b  0000002b  00000000  RWIX
  NMIINTRUPT            00007060   00000007  00000007  00000000  RWIX
  XINT                  00007070   0000000b  0000000b  00000000  RWIX
  SCIA                  00007200   00000010  00000010  00000000  RWIX
  SCIB                  00007210   00000010  00000010  00000000  RWIX
  SCIC                  00007220   00000010  00000010  00000000  RWIX
  SCID                  00007230   00000010  00000010  00000000  RWIX
  I2CA                  00007300   00000022  00000022  00000000  RWIX
  I2CB                  00007340   00000022  00000022  00000000  RWIX
  ADCA                  00007400   00000080  0000007c  00000004  RWIX
  ADCB                  00007480   00000080  0000007c  00000004  RWIX
  ADCC                  00007500   00000080  0000007c  00000004  RWIX
  ADCD                  00007580   00000080  0000007c  00000004  RWIX
  INPUTXBAR             00007900   00000020  00000020  00000000  RWIX
  XBAR                  00007920   00000020  0000000e  00000012  RWIX
  SYNCSOC               00007940   00000006  00000006  00000000  RWIX
  DMACLASRCSEL          00007980   0000001a  0000001a  00000000  RWIX
  EPWMXBAR              00007a00   00000040  00000040  00000000  RWIX
  CLBXBAR               00007a40   00000040  00000040  00000000  RWIX
  OUTPUTXBAR            00007a80   00000040  00000040  00000000  RWIX
  GPIOCTRL              00007c00   00000180  00000180  00000000  RWIX
  GPIODATA              00007f00   00000030  00000030  00000000  RWIX
  RAMLS5                0000a800   00000800  0000003c  000007c4  RWIX
  RAMD1                 0000b800   00000800  00000000  00000800  RWIX
  RAMGS0                0000c000   00001000  00000000  00001000  RWIX
  RAMGS1                0000d000   00001000  00000000  00001000  RWIX
  RAMGS2                0000e000   00001000  00000000  00001000  RWIX
  RAMGS3                0000f000   00001000  00000000  00001000  RWIX
  RAMGS4                00010000   00001000  00000000  00001000  RWIX
  RAMGS5                00011000   00001000  00000000  00001000  RWIX
  RAMGS6                00012000   00001000  00000000  00001000  RWIX
  RAMGS7                00013000   00001000  00000000  00001000  RWIX
  RAMGS8                00014000   00001000  00000000  00001000  RWIX
  RAMGS9                00015000   00001000  00000000  00001000  RWIX
  RAMGS10               00016000   00001000  00000000  00001000  RWIX
  RAMGS11               00017000   00001000  00000000  00001000  RWIX
  RAMGS12               00018000   00001000  00000000  00001000  RWIX
  RAMGS13               00019000   00001000  00000000  00001000  RWIX
  CPU2TOCPU1RAM         0003f800   00000400  00000000  00000400  RWIX
  CPU1TOCPU2RAM         0003fc00   00000400  00000000  00000400  RWIX
  EMIF1                 00047000   00000070  00000028  00000048  RWIX
  EMIF2                 00047800   00000070  00000028  00000048  RWIX
  CANA                  00048000   00000200  00000164  0000009c  RWIX
  CANB                  0004a000   00000200  00000164  0000009c  RWIX
  IPC                   00050000   00000024  00000024  00000000  RWIX
  FLASHPUMPSEMAPHORE    00050024   00000002  00000002  00000000  RWIX
  DEVCFG                0005d000   0000012e  0000012e  00000000  RWIX
  ANALOGSUBSYS          0005d180   00000048  0000003e  0000000a  RWIX
  CLKCFG                0005d200   00000032  00000032  00000000  RWIX
  CPUSYS                0005d300   00000082  00000082  00000000  RWIX
  ROMPREFETCH           0005e608   00000002  00000002  00000000  RWIX
  DCSMZ1                0005f000   00000024  00000022  00000002  RWIX
  DCSMZ2                0005f040   00000024  00000022  00000002  RWIX
  DCSMCOMMON            0005f070   00000008  00000006  00000002  RWIX
  MEMCFG                0005f400   00000080  00000076  0000000a  RWIX
  EMIF1CONFIG           0005f480   00000020  0000000a  00000016  RWIX
  EMIF2CONFIG           0005f4a0   00000020  0000000a  00000016  RWIX
  ACCESSPROTECTION      0005f4c0   00000040  0000002e  00000012  RWIX
  MEMORYERROR           0005f500   00000040  0000003a  00000006  RWIX
  ROMWAITSTATE          0005f540   00000002  00000002  00000000  RWIX
  FLASH0CTRL            0005f800   00000182  00000182  00000000  RWIX
  FLASH0ECC             0005fb00   00000028  00000028  00000000  RWIX


SECTION ALLOCATION MAP

 output                                  attributes/
section   page    origin      length       input sections
--------  ----  ----------  ----------   ----------------
.cinit     0    00082000    00000057     
                  00082000    00000027     main.obj (.cinit)
                  00082027    0000000e     rts2800_fpu32.lib : exit.c.obj (.cinit)
                  00082035    0000000b     dac_hal.obj (.cinit:_DAC_PTR)
                  00082040    0000000b     main.obj (.cinit:_DAC_PTR)
                  0008204b    00000005     rts2800_fpu32.lib : _lock.c.obj (.cinit:__lock)
                  00082050    00000005                       : _lock.c.obj (.cinit:__unlock)
                  00082055    00000002     --HOLE-- [fill = 0]

.pinit     0    00082000    00000000     UNINITIALIZED

codestart 
*          0    00080000    00000002     
                  00080000    00000002     F2837xD_CodeStartBranch.obj (codestart)

.TI.ramfunc 
*          0    00086000    0000003b     RUN ADDR = 00008000
                  00086000    00000037     F2837xD_SysCtrl.obj (.TI.ramfunc)
                  00086037    00000004     F2837xD_usDelay.obj (.TI.ramfunc)

.stack     1    00000400    00000200     UNINITIALIZED
                  00000400    00000200     --HOLE--

.reset     0    003fffc0    00000002     DSECT
                  003fffc0    00000002     rts2800_fpu32.lib : boot28.asm.obj (.reset)

GETBUFFER 
*          0    0003f800    00000000     DSECT

GETWRITEIDX 
*          0    0003f800    00000000     DSECT

PUTREADIDX 
*          0    0003f800    00000000     DSECT

.TI.memcrc 
*          0    00000000    00000066     COPY SECTION
                  00000000    00000066     (.TI.memcrc:_ccs_flash_checksum)

.econst    0    00090000    000001c0     
                  00090000    000001c0     F2837xD_PieVect.obj (.econst:_PieVectTableInit)

AdcaResultRegsFile 
*          1    00000b00    00000018     UNINITIALIZED
                  00000b00    00000018     F2837xD_GlobalVariableDefs.obj (AdcaResultRegsFile)

AdcbResultRegsFile 
*          1    00000b20    00000018     UNINITIALIZED
                  00000b20    00000018     F2837xD_GlobalVariableDefs.obj (AdcbResultRegsFile)

AdccResultRegsFile 
*          1    00000b40    00000018     UNINITIALIZED
                  00000b40    00000018     F2837xD_GlobalVariableDefs.obj (AdccResultRegsFile)

AdcdResultRegsFile 
*          1    00000b60    00000018     UNINITIALIZED
                  00000b60    00000018     F2837xD_GlobalVariableDefs.obj (AdcdResultRegsFile)

CpuTimer0RegsFile 
*          1    00000c00    00000008     UNINITIALIZED
                  00000c00    00000008     F2837xD_GlobalVariableDefs.obj (CpuTimer0RegsFile)

CpuTimer1RegsFile 
*          1    00000c08    00000008     UNINITIALIZED
                  00000c08    00000008     F2837xD_GlobalVariableDefs.obj (CpuTimer1RegsFile)

CpuTimer2RegsFile 
*          1    00000c10    00000008     UNINITIALIZED
                  00000c10    00000008     F2837xD_GlobalVariableDefs.obj (CpuTimer2RegsFile)

PieCtrlRegsFile 
*          1    00000ce0    0000001a     UNINITIALIZED
                  00000ce0    0000001a     F2837xD_GlobalVariableDefs.obj (PieCtrlRegsFile)

PieVectTableFile 
*          1    00000d00    000001c0     UNINITIALIZED
                  00000d00    000001c0     F2837xD_GlobalVariableDefs.obj (PieVectTableFile)

EmuKeyVar 
*          1    00000d00    00000000     UNINITIALIZED

EmuBModeVar 
*          1    00000d00    00000000     UNINITIALIZED

EmuBootPinsVar 
*          1    00000d00    00000000     UNINITIALIZED

FlashCallbackVar 
*          1    00000d00    00000000     UNINITIALIZED

FlashScalingVar 
*          1    00000d00    00000000     UNINITIALIZED

DmaRegsFile 
*          1    00001000    000000e0     UNINITIALIZED
                  00001000    000000e0     F2837xD_GlobalVariableDefs.obj (DmaRegsFile)

Cla1RegsFile 
*          1    00001400    0000003e     UNINITIALIZED
                  00001400    0000003e     F2837xD_GlobalVariableDefs.obj (Cla1RegsFile)

Clb1LogicCfgRegsFile 
*          1    00003000    0000003e     UNINITIALIZED
                  00003000    0000003e     F2837xD_GlobalVariableDefs.obj (Clb1LogicCfgRegsFile)

Clb1LogicCtrlRegsFile 
*          1    00003100    00000040     UNINITIALIZED
                  00003100    00000040     F2837xD_GlobalVariableDefs.obj (Clb1LogicCtrlRegsFile)

Clb1DataExchRegsFile 
*          1    00003200    00000108     UNINITIALIZED
                  00003200    00000108     F2837xD_GlobalVariableDefs.obj (Clb1DataExchRegsFile)

Clb2LogicCfgRegsFile 
*          1    00003400    0000003e     UNINITIALIZED
                  00003400    0000003e     F2837xD_GlobalVariableDefs.obj (Clb2LogicCfgRegsFile)

Clb2LogicCtrlRegsFile 
*          1    00003500    00000040     UNINITIALIZED
                  00003500    00000040     F2837xD_GlobalVariableDefs.obj (Clb2LogicCtrlRegsFile)

Clb2DataExchRegsFile 
*          1    00003600    00000108     UNINITIALIZED
                  00003600    00000108     F2837xD_GlobalVariableDefs.obj (Clb2DataExchRegsFile)

Clb3LogicCfgRegsFile 
*          1    00003800    0000003e     UNINITIALIZED
                  00003800    0000003e     F2837xD_GlobalVariableDefs.obj (Clb3LogicCfgRegsFile)

Clb3LogicCtrlRegsFile 
*          1    00003900    00000040     UNINITIALIZED
                  00003900    00000040     F2837xD_GlobalVariableDefs.obj (Clb3LogicCtrlRegsFile)

Clb3DataExchRegsFile 
*          1    00003a00    00000108     UNINITIALIZED
                  00003a00    00000108     F2837xD_GlobalVariableDefs.obj (Clb3DataExchRegsFile)

Clb4LogicCfgRegsFile 
*          1    00003c00    0000003e     UNINITIALIZED
                  00003c00    0000003e     F2837xD_GlobalVariableDefs.obj (Clb4LogicCfgRegsFile)

Clb4LogicCtrlRegsFile 
*          1    00003d00    00000040     UNINITIALIZED
                  00003d00    00000040     F2837xD_GlobalVariableDefs.obj (Clb4LogicCtrlRegsFile)

Clb4DataExchRegsFile 
*          1    00003e00    00000108     UNINITIALIZED
                  00003e00    00000108     F2837xD_GlobalVariableDefs.obj (Clb4DataExchRegsFile)

EPwm1RegsFile 
*          1    00004000    00000100     UNINITIALIZED
                  00004000    00000100     F2837xD_GlobalVariableDefs.obj (EPwm1RegsFile)

EPwm2RegsFile 
*          1    00004100    00000100     UNINITIALIZED
                  00004100    00000100     F2837xD_GlobalVariableDefs.obj (EPwm2RegsFile)

EPwm3RegsFile 
*          1    00004200    00000100     UNINITIALIZED
                  00004200    00000100     F2837xD_GlobalVariableDefs.obj (EPwm3RegsFile)

EPwm4RegsFile 
*          1    00004300    00000100     UNINITIALIZED
                  00004300    00000100     F2837xD_GlobalVariableDefs.obj (EPwm4RegsFile)

EPwm5RegsFile 
*          1    00004400    00000100     UNINITIALIZED
                  00004400    00000100     F2837xD_GlobalVariableDefs.obj (EPwm5RegsFile)

EPwm6RegsFile 
*          1    00004500    00000100     UNINITIALIZED
                  00004500    00000100     F2837xD_GlobalVariableDefs.obj (EPwm6RegsFile)

EPwm7RegsFile 
*          1    00004600    00000100     UNINITIALIZED
                  00004600    00000100     F2837xD_GlobalVariableDefs.obj (EPwm7RegsFile)

EPwm8RegsFile 
*          1    00004700    00000100     UNINITIALIZED
                  00004700    00000100     F2837xD_GlobalVariableDefs.obj (EPwm8RegsFile)

EPwm9RegsFile 
*          1    00004800    00000100     UNINITIALIZED
                  00004800    00000100     F2837xD_GlobalVariableDefs.obj (EPwm9RegsFile)

EPwm10RegsFile 
*          1    00004900    00000100     UNINITIALIZED
                  00004900    00000100     F2837xD_GlobalVariableDefs.obj (EPwm10RegsFile)

EPwm11RegsFile 
*          1    00004a00    00000100     UNINITIALIZED
                  00004a00    00000100     F2837xD_GlobalVariableDefs.obj (EPwm11RegsFile)

EPwm12RegsFile 
*          1    00004b00    00000100     UNINITIALIZED
                  00004b00    00000100     F2837xD_GlobalVariableDefs.obj (EPwm12RegsFile)

ECap1RegsFile 
*          1    00005000    0000001a     UNINITIALIZED
                  00005000    0000001a     F2837xD_GlobalVariableDefs.obj (ECap1RegsFile)

ECap2RegsFile 
*          1    00005020    0000001a     UNINITIALIZED
                  00005020    0000001a     F2837xD_GlobalVariableDefs.obj (ECap2RegsFile)

ECap3RegsFile 
*          1    00005040    0000001a     UNINITIALIZED
                  00005040    0000001a     F2837xD_GlobalVariableDefs.obj (ECap3RegsFile)

ECap4RegsFile 
*          1    00005060    0000001a     UNINITIALIZED
                  00005060    0000001a     F2837xD_GlobalVariableDefs.obj (ECap4RegsFile)

ECap5RegsFile 
*          1    00005080    0000001a     UNINITIALIZED
                  00005080    0000001a     F2837xD_GlobalVariableDefs.obj (ECap5RegsFile)

ECap6RegsFile 
*          1    000050a0    0000001a     UNINITIALIZED
                  000050a0    0000001a     F2837xD_GlobalVariableDefs.obj (ECap6RegsFile)

EQep1RegsFile 
*          1    00005100    00000022     UNINITIALIZED
                  00005100    00000022     F2837xD_GlobalVariableDefs.obj (EQep1RegsFile)

EQep2RegsFile 
*          1    00005140    00000022     UNINITIALIZED
                  00005140    00000022     F2837xD_GlobalVariableDefs.obj (EQep2RegsFile)

EQep3RegsFile 
*          1    00005180    00000022     UNINITIALIZED
                  00005180    00000022     F2837xD_GlobalVariableDefs.obj (EQep3RegsFile)

DacaRegsFile 
*          1    00005c00    00000007     UNINITIALIZED
                  00005c00    00000007     F2837xD_GlobalVariableDefs.obj (DacaRegsFile)

DacbRegsFile 
*          1    00005c10    00000007     UNINITIALIZED
                  00005c10    00000007     F2837xD_GlobalVariableDefs.obj (DacbRegsFile)

DaccRegsFile 
*          1    00005c20    00000007     UNINITIALIZED
                  00005c20    00000007     F2837xD_GlobalVariableDefs.obj (DaccRegsFile)

Cmpss1RegsFile 
*          1    00005c80    0000001b     UNINITIALIZED
                  00005c80    0000001b     F2837xD_GlobalVariableDefs.obj (Cmpss1RegsFile)

Cmpss2RegsFile 
*          1    00005ca0    0000001b     UNINITIALIZED
                  00005ca0    0000001b     F2837xD_GlobalVariableDefs.obj (Cmpss2RegsFile)

Cmpss3RegsFile 
*          1    00005cc0    0000001b     UNINITIALIZED
                  00005cc0    0000001b     F2837xD_GlobalVariableDefs.obj (Cmpss3RegsFile)

Cmpss4RegsFile 
*          1    00005ce0    0000001b     UNINITIALIZED
                  00005ce0    0000001b     F2837xD_GlobalVariableDefs.obj (Cmpss4RegsFile)

Cmpss5RegsFile 
*          1    00005d00    0000001b     UNINITIALIZED
                  00005d00    0000001b     F2837xD_GlobalVariableDefs.obj (Cmpss5RegsFile)

Cmpss6RegsFile 
*          1    00005d20    0000001b     UNINITIALIZED
                  00005d20    0000001b     F2837xD_GlobalVariableDefs.obj (Cmpss6RegsFile)

Cmpss7RegsFile 
*          1    00005d40    0000001b     UNINITIALIZED
                  00005d40    0000001b     F2837xD_GlobalVariableDefs.obj (Cmpss7RegsFile)

Cmpss8RegsFile 
*          1    00005d60    0000001b     UNINITIALIZED
                  00005d60    0000001b     F2837xD_GlobalVariableDefs.obj (Cmpss8RegsFile)

Sdfm1RegsFile 
*          1    00005e00    00000048     UNINITIALIZED
                  00005e00    00000048     F2837xD_GlobalVariableDefs.obj (Sdfm1RegsFile)

Sdfm2RegsFile 
*          1    00005e80    00000048     UNINITIALIZED
                  00005e80    00000048     F2837xD_GlobalVariableDefs.obj (Sdfm2RegsFile)

McbspaRegsFile 
*          1    00006000    00000024     UNINITIALIZED
                  00006000    00000024     F2837xD_GlobalVariableDefs.obj (McbspaRegsFile)

McbspbRegsFile 
*          1    00006040    00000024     UNINITIALIZED
                  00006040    00000024     F2837xD_GlobalVariableDefs.obj (McbspbRegsFile)

SpiaRegsFile 
*          1    00006100    00000010     UNINITIALIZED
                  00006100    00000010     F2837xD_GlobalVariableDefs.obj (SpiaRegsFile)

SpibRegsFile 
*          1    00006110    00000010     UNINITIALIZED
                  00006110    00000010     F2837xD_GlobalVariableDefs.obj (SpibRegsFile)

SpicRegsFile 
*          1    00006120    00000010     UNINITIALIZED
                  00006120    00000010     F2837xD_GlobalVariableDefs.obj (SpicRegsFile)

UppRegsFile 
*          1    00006200    00000048     UNINITIALIZED
                  00006200    00000048     F2837xD_GlobalVariableDefs.obj (UppRegsFile)

WdRegsFile 
*          1    00007000    0000002b     UNINITIALIZED
                  00007000    0000002b     F2837xD_GlobalVariableDefs.obj (WdRegsFile)

NmiIntruptRegsFile 
*          1    00007060    00000007     UNINITIALIZED
                  00007060    00000007     F2837xD_GlobalVariableDefs.obj (NmiIntruptRegsFile)

XintRegsFile 
*          1    00007070    0000000b     UNINITIALIZED
                  00007070    0000000b     F2837xD_GlobalVariableDefs.obj (XintRegsFile)

SciaRegsFile 
*          1    00007200    00000010     UNINITIALIZED
                  00007200    00000010     F2837xD_GlobalVariableDefs.obj (SciaRegsFile)

ScibRegsFile 
*          1    00007210    00000010     UNINITIALIZED
                  00007210    00000010     F2837xD_GlobalVariableDefs.obj (ScibRegsFile)

ScicRegsFile 
*          1    00007220    00000010     UNINITIALIZED
                  00007220    00000010     F2837xD_GlobalVariableDefs.obj (ScicRegsFile)

ScidRegsFile 
*          1    00007230    00000010     UNINITIALIZED
                  00007230    00000010     F2837xD_GlobalVariableDefs.obj (ScidRegsFile)

I2caRegsFile 
*          1    00007300    00000022     UNINITIALIZED
                  00007300    00000022     F2837xD_GlobalVariableDefs.obj (I2caRegsFile)

I2cbRegsFile 
*          1    00007340    00000022     UNINITIALIZED
                  00007340    00000022     F2837xD_GlobalVariableDefs.obj (I2cbRegsFile)

AdcaRegsFile 
*          1    00007400    0000007c     UNINITIALIZED
                  00007400    0000007c     F2837xD_GlobalVariableDefs.obj (AdcaRegsFile)

AdcbRegsFile 
*          1    00007480    0000007c     UNINITIALIZED
                  00007480    0000007c     F2837xD_GlobalVariableDefs.obj (AdcbRegsFile)

AdccRegsFile 
*          1    00007500    0000007c     UNINITIALIZED
                  00007500    0000007c     F2837xD_GlobalVariableDefs.obj (AdccRegsFile)

AdcdRegsFile 
*          1    00007580    0000007c     UNINITIALIZED
                  00007580    0000007c     F2837xD_GlobalVariableDefs.obj (AdcdRegsFile)

InputXbarRegsFile 
*          1    00007900    00000020     UNINITIALIZED
                  00007900    00000020     F2837xD_GlobalVariableDefs.obj (InputXbarRegsFile)

XbarRegsFile 
*          1    00007920    0000000e     UNINITIALIZED
                  00007920    0000000e     F2837xD_GlobalVariableDefs.obj (XbarRegsFile)

SyncSocRegsFile 
*          1    00007940    00000006     UNINITIALIZED
                  00007940    00000006     F2837xD_GlobalVariableDefs.obj (SyncSocRegsFile)

DmaClaSrcSelRegsFile 
*          1    00007980    0000001a     UNINITIALIZED
                  00007980    0000001a     F2837xD_GlobalVariableDefs.obj (DmaClaSrcSelRegsFile)

EPwmXbarRegsFile 
*          1    00007a00    00000040     UNINITIALIZED
                  00007a00    00000040     F2837xD_GlobalVariableDefs.obj (EPwmXbarRegsFile)

ClbXbarRegsFile 
*          1    00007a40    00000040     UNINITIALIZED
                  00007a40    00000040     F2837xD_GlobalVariableDefs.obj (ClbXbarRegsFile)

OutputXbarRegsFile 
*          1    00007a80    00000040     UNINITIALIZED
                  00007a80    00000040     F2837xD_GlobalVariableDefs.obj (OutputXbarRegsFile)

GpioCtrlRegsFile 
*          1    00007c00    00000180     UNINITIALIZED
                  00007c00    00000180     F2837xD_GlobalVariableDefs.obj (GpioCtrlRegsFile)

GpioDataRegsFile 
*          1    00007f00    00000030     UNINITIALIZED
                  00007f00    00000030     F2837xD_GlobalVariableDefs.obj (GpioDataRegsFile)

Emif1RegsFile 
*          1    00047000    00000028     UNINITIALIZED
                  00047000    00000028     F2837xD_GlobalVariableDefs.obj (Emif1RegsFile)

Emif2RegsFile 
*          1    00047800    00000028     UNINITIALIZED
                  00047800    00000028     F2837xD_GlobalVariableDefs.obj (Emif2RegsFile)

CanaRegsFile 
*          1    00048000    00000164     UNINITIALIZED
                  00048000    00000164     F2837xD_GlobalVariableDefs.obj (CanaRegsFile)

CanbRegsFile 
*          1    0004a000    00000164     UNINITIALIZED
                  0004a000    00000164     F2837xD_GlobalVariableDefs.obj (CanbRegsFile)

IpcRegsFile 
*          1    00050000    00000024     UNINITIALIZED
                  00050000    00000024     F2837xD_GlobalVariableDefs.obj (IpcRegsFile)

FlashPumpSemaphoreRegsFile 
*          1    00050024    00000002     UNINITIALIZED
                  00050024    00000002     F2837xD_GlobalVariableDefs.obj (FlashPumpSemaphoreRegsFile)

DevCfgRegsFile 
*          1    0005d000    0000012e     UNINITIALIZED
                  0005d000    0000012e     F2837xD_GlobalVariableDefs.obj (DevCfgRegsFile)

AnalogSubsysRegsFile 
*          1    0005d180    0000003e     UNINITIALIZED
                  0005d180    0000003e     F2837xD_GlobalVariableDefs.obj (AnalogSubsysRegsFile)

ClkCfgRegsFile 
*          1    0005d200    00000032     UNINITIALIZED
                  0005d200    00000032     F2837xD_GlobalVariableDefs.obj (ClkCfgRegsFile)

CpuSysRegsFile 
*          1    0005d300    00000082     UNINITIALIZED
                  0005d300    00000082     F2837xD_GlobalVariableDefs.obj (CpuSysRegsFile)

DcsmZ1RegsFile 
*          1    0005f000    00000022     UNINITIALIZED
                  0005f000    00000022     F2837xD_GlobalVariableDefs.obj (DcsmZ1RegsFile)

DcsmZ2RegsFile 
*          1    0005f040    00000022     UNINITIALIZED
                  0005f040    00000022     F2837xD_GlobalVariableDefs.obj (DcsmZ2RegsFile)

DcsmCommonRegsFile 
*          1    0005f070    00000006     UNINITIALIZED
                  0005f070    00000006     F2837xD_GlobalVariableDefs.obj (DcsmCommonRegsFile)

MemCfgRegsFile 
*          1    0005f400    00000076     UNINITIALIZED
                  0005f400    00000076     F2837xD_GlobalVariableDefs.obj (MemCfgRegsFile)

Emif1ConfigRegsFile 
*          1    0005f480    0000000a     UNINITIALIZED
                  0005f480    0000000a     F2837xD_GlobalVariableDefs.obj (Emif1ConfigRegsFile)

Emif2ConfigRegsFile 
*          1    0005f4a0    0000000a     UNINITIALIZED
                  0005f4a0    0000000a     F2837xD_GlobalVariableDefs.obj (Emif2ConfigRegsFile)

AccessProtectionRegsFile 
*          1    0005f4c0    0000002e     UNINITIALIZED
                  0005f4c0    0000002e     F2837xD_GlobalVariableDefs.obj (AccessProtectionRegsFile)

MemoryErrorRegsFile 
*          1    0005f500    0000003a     UNINITIALIZED
                  0005f500    0000003a     F2837xD_GlobalVariableDefs.obj (MemoryErrorRegsFile)

Flash0CtrlRegsFile 
*          1    0005f800    00000182     UNINITIALIZED
                  0005f800    00000182     F2837xD_GlobalVariableDefs.obj (Flash0CtrlRegsFile)

Flash0EccRegsFile 
*          1    0005fb00    00000028     UNINITIALIZED
                  0005fb00    00000028     F2837xD_GlobalVariableDefs.obj (Flash0EccRegsFile)

RomPrefetchRegsFile 
*          1    0005e608    00000002     UNINITIALIZED
                  0005e608    00000002     F2837xD_GlobalVariableDefs.obj (RomPrefetchRegsFile)

RomWaitStateRegsFile 
*          1    0005f540    00000002     UNINITIALIZED
                  0005f540    00000002     F2837xD_GlobalVariableDefs.obj (RomWaitStateRegsFile)

IQmath     0    00000122    00000047     
                  00000122    00000047     IQmath_fpu32_coff.lib : IQ24div.obj (IQmath)

IQmathTables 
*          0    0001a000    00000b50     
                  0001a000    00000b50     IQmath_fpu32_coff.lib : IQmathTables.obj (IQmathTables)

.text      0    00082058    00001379     
                  00082058    00000585     F2837xD_DefaultISR.obj (.text:retain)
                  000825dd    000004b4     F2837xD_SysCtrl.obj (.text)
                  00082a91    00000244     F2837xD_Gpio.obj (.text)
                  00082cd5    00000127     encoder_hal.obj (.text)
                  00082dfc    000000fd     F2837xD_EPwm.obj (.text)
                  00082ef9    000000f0     F2837xD_Adc.obj (.text)
                  00082fe9    00000096     F2837xD_EQep.obj (.text)
                  0008307f    0000008b     adc_hal.obj (.text)
                  0008310a    00000088     rts2800_fpu32.lib : fs_div28.asm.obj (.text)
                  00083192    00000075     main.obj (.text)
                  00083207    00000057     main.obj (.text:retain)
                  0008325e    00000056     rts2800_fpu32.lib : boot28.asm.obj (.text)
                  000832b4    00000029                       : exit.c.obj (.text)
                  000832dd    00000028     F2837xD_PieCtrl.obj (.text)
                  00083305    00000027     dac_hal.obj (.text)
                  0008332c    00000026     F2837xD_PieVect.obj (.text)
                  00083352    00000024     rts2800_fpu32.lib : cpy_tbl.c.obj (.text)
                  00083376    0000001d                       : memcpy.c.obj (.text)
                  00083393    00000018                       : ll_aox28.asm.obj (.text)
                  000833ab    00000012                       : args_main.c.obj (.text)
                  000833bd    00000009                       : _lock.c.obj (.text)
                  000833c6    00000008     F2837xD_CodeStartBranch.obj (.text)
                  000833ce    00000002     rts2800_fpu32.lib : pre_init.c.obj (.text)
                  000833d0    00000001                       : startup.c.obj (.text)

.ebss      1    0000a800    0000003c     UNINITIALIZED
                  0000a800    00000022     main.obj (.ebss)
                  0000a822    00000008     dac_hal.obj (.ebss:_DAC_PTR)
                  0000a82a    00000008     main.obj (.ebss:_DAC_PTR)
                  0000a832    00000006     rts2800_fpu32.lib : exit.c.obj (.ebss)
                  0000a838    00000002                       : _lock.c.obj (.ebss:__lock)
                  0000a83a    00000002                       : _lock.c.obj (.ebss:__unlock)

MODULE SUMMARY

       Module                           code   initialized data   uninitialized data
       ------                           ----   ----------------   ------------------
    .\
       main.obj                         204    50                 42                
    +--+--------------------------------+------+------------------+--------------------+
       Total:                           204    50                 42                
                                                                                    
    .\bsp\
       F2837xD_GlobalVariableDefs.obj   0      0                  9854              
       F2837xD_DefaultISR.obj           1413   0                  0                 
       F2837xD_SysCtrl.obj              1314   0                  0                 
       F2837xD_Gpio.obj                 580    0                  0                 
       F2837xD_PieVect.obj              38     448                0                 
       F2837xD_EPwm.obj                 253    0                  0                 
       F2837xD_Adc.obj                  240    0                  0                 
       F2837xD_EQep.obj                 150    0                  0                 
       F2837xD_PieCtrl.obj              40     0                  0                 
       F2837xD_CodeStartBranch.obj      10     0                  0                 
       F2837xD_usDelay.obj              8      0                  0                 
    +--+--------------------------------+------+------------------+--------------------+
       Total:                           4046   448                9854              
                                                                                    
    .\hal\src\
       encoder_hal.obj                  295    0                  0                 
       adc_hal.obj                      139    0                  0                 
       dac_hal.obj                      39     11                 8                 
    +--+--------------------------------+------+------------------+--------------------+
       Total:                           473    11                 8                 
                                                                                    
    C:\ti\c2000\C2000Ware_4_03_00_00\libraries\math\IQmath\c28\lib\IQmath_fpu32_coff.lib
       IQmathTables.obj                 0      2896               0                 
       IQ24div.obj                      71     0                  0                 
    +--+--------------------------------+------+------------------+--------------------+
       Total:                           71     2896               0                 
                                                                                    
    C:\ti\ccs1220\ccs\tools\compiler\ti-cgt-c2000_22.6.0.LTS\lib\rts2800_fpu32.lib
       fs_div28.asm.obj                 136    0                  0                 
       boot28.asm.obj                   86     0                  0                 
       exit.c.obj                       41     14                 6                 
       cpy_tbl.c.obj                    36     0                  0                 
       memcpy.c.obj                     29     0                  0                 
       ll_aox28.asm.obj                 24     0                  0                 
       _lock.c.obj                      9      10                 4                 
       args_main.c.obj                  18     0                  0                 
       pre_init.c.obj                   2      0                  0                 
       startup.c.obj                    1      0                  0                 
    +--+--------------------------------+------+------------------+--------------------+
       Total:                           382    24                 10                
                                                                                    
       Stack:                           0      0                  512               
    +--+--------------------------------+------+------------------+--------------------+
       Grand Total:                     5176   3429               10426             


LINKER GENERATED MEMRANGE CRC TABLES

_ccs_flash_checksum @ 00000000 records: 16, size/record: 6, table size: 102, algorithm=C28_CHECKSUM_16(ID=13), CRC: 00005fc3
	BEGIN: page=0, load addr=00080000, size=00000002
	FLASHA: page=0, load addr=00080002, size=00001ffe
	FLASHB: page=0, load addr=00082000, size=00002000
	FLASHC: page=0, load addr=00084000, size=00002000
	FLASHD: page=0, load addr=00086000, size=00002000
	FLASHE: page=0, load addr=00088000, size=00008000
	FLASHF: page=0, load addr=00090000, size=00008000
	FLASHG: page=0, load addr=00098000, size=00008000
	FLASHH: page=0, load addr=000a0000, size=00008000
	FLASHI: page=0, load addr=000a8000, size=00008000
	FLASHJ: page=0, load addr=000b0000, size=00008000
	FLASHK: page=0, load addr=000b8000, size=00002000
	FLASHL: page=0, load addr=000ba000, size=00002000
	FLASHM: page=0, load addr=000bc000, size=00002000
	FLASHN: page=0, load addr=000be000, size=00001ff0
	FLASHN_DO_NOT_USE: page=0, load addr=000bfff0, size=00000010


GLOBAL DATA SYMBOLS: SORTED BY DATA PAGE

address     data page           name
--------    ----------------    ----
00000400      10 (00000400)     __stack

00000b00      2c (00000b00)     _AdcaResultRegs
00000b20      2c (00000b00)     _AdcbResultRegs

00000b40      2d (00000b40)     _AdccResultRegs
00000b60      2d (00000b40)     _AdcdResultRegs

00000c00      30 (00000c00)     _CpuTimer0Regs
00000c08      30 (00000c00)     _CpuTimer1Regs
00000c10      30 (00000c00)     _CpuTimer2Regs

00000ce0      33 (00000cc0)     _PieCtrlRegs

00000d00      34 (00000d00)     _PieVectTable

00001000      40 (00001000)     _DmaRegs

00001400      50 (00001400)     _Cla1Regs

00003000      c0 (00003000)     _Clb1LogicCfgRegs

00003100      c4 (00003100)     _Clb1LogicCtrlRegs

00003200      c8 (00003200)     _Clb1DataExchRegs

00003400      d0 (00003400)     _Clb2LogicCfgRegs

00003500      d4 (00003500)     _Clb2LogicCtrlRegs

00003600      d8 (00003600)     _Clb2DataExchRegs

00003800      e0 (00003800)     _Clb3LogicCfgRegs

00003900      e4 (00003900)     _Clb3LogicCtrlRegs

00003a00      e8 (00003a00)     _Clb3DataExchRegs

00003c00      f0 (00003c00)     _Clb4LogicCfgRegs

00003d00      f4 (00003d00)     _Clb4LogicCtrlRegs

00003e00      f8 (00003e00)     _Clb4DataExchRegs

00004000     100 (00004000)     _EPwm1Regs

00004100     104 (00004100)     _EPwm2Regs

00004200     108 (00004200)     _EPwm3Regs

00004300     10c (00004300)     _EPwm4Regs

00004400     110 (00004400)     _EPwm5Regs

00004500     114 (00004500)     _EPwm6Regs

00004600     118 (00004600)     _EPwm7Regs

00004700     11c (00004700)     _EPwm8Regs

00004800     120 (00004800)     _EPwm9Regs

00004900     124 (00004900)     _EPwm10Regs

00004a00     128 (00004a00)     _EPwm11Regs

00004b00     12c (00004b00)     _EPwm12Regs

00005000     140 (00005000)     _ECap1Regs
00005020     140 (00005000)     _ECap2Regs

00005040     141 (00005040)     _ECap3Regs
00005060     141 (00005040)     _ECap4Regs

00005080     142 (00005080)     _ECap5Regs
000050a0     142 (00005080)     _ECap6Regs

00005100     144 (00005100)     _EQep1Regs

00005140     145 (00005140)     _EQep2Regs

00005180     146 (00005180)     _EQep3Regs

00005c00     170 (00005c00)     _DacaRegs
00005c10     170 (00005c00)     _DacbRegs
00005c20     170 (00005c00)     _DaccRegs

00005c80     172 (00005c80)     _Cmpss1Regs
00005ca0     172 (00005c80)     _Cmpss2Regs

00005cc0     173 (00005cc0)     _Cmpss3Regs
00005ce0     173 (00005cc0)     _Cmpss4Regs

00005d00     174 (00005d00)     _Cmpss5Regs
00005d20     174 (00005d00)     _Cmpss6Regs

00005d40     175 (00005d40)     _Cmpss7Regs
00005d60     175 (00005d40)     _Cmpss8Regs

00005e00     178 (00005e00)     _Sdfm1Regs

00005e80     17a (00005e80)     _Sdfm2Regs

00006000     180 (00006000)     _McbspaRegs

00006040     181 (00006040)     _McbspbRegs

00006100     184 (00006100)     _SpiaRegs
00006110     184 (00006100)     _SpibRegs
00006120     184 (00006100)     _SpicRegs

00006200     188 (00006200)     _UppRegs

00007000     1c0 (00007000)     _WdRegs

00007060     1c1 (00007040)     _NmiIntruptRegs
00007070     1c1 (00007040)     _XintRegs

00007200     1c8 (00007200)     _SciaRegs
00007210     1c8 (00007200)     _ScibRegs
00007220     1c8 (00007200)     _ScicRegs
00007230     1c8 (00007200)     _ScidRegs

00007300     1cc (00007300)     _I2caRegs

00007340     1cd (00007340)     _I2cbRegs

00007400     1d0 (00007400)     _AdcaRegs

00007480     1d2 (00007480)     _AdcbRegs

00007500     1d4 (00007500)     _AdccRegs

00007580     1d6 (00007580)     _AdcdRegs

00007900     1e4 (00007900)     _InputXbarRegs
00007920     1e4 (00007900)     _XbarRegs

00007940     1e5 (00007940)     _SyncSocRegs

00007980     1e6 (00007980)     _DmaClaSrcSelRegs

00007a00     1e8 (00007a00)     _EPwmXbarRegs

00007a40     1e9 (00007a40)     _ClbXbarRegs

00007a80     1ea (00007a80)     _OutputXbarRegs

00007c00     1f0 (00007c00)     _GpioCtrlRegs

00007f00     1fc (00007f00)     _GpioDataRegs

0000a801     2a0 (0000a800)     _Interrupt_Count
0000a802     2a0 (0000a800)     _AdcaResult0
0000a803     2a0 (0000a800)     _AdcaResult1
0000a804     2a0 (0000a800)     _AdcbResult0
0000a805     2a0 (0000a800)     _AdcbResult1
0000a806     2a0 (0000a800)     _qep_posspeed
0000a832     2a0 (0000a800)     ___TI_enable_exit_profile_output
0000a834     2a0 (0000a800)     ___TI_cleanup_ptr
0000a836     2a0 (0000a800)     ___TI_dtors_ptr
0000a838     2a0 (0000a800)     __lock
0000a83a     2a0 (0000a800)     __unlock

0001a000     680 (0001a000)     _IQsinTable

0001a100     684 (0001a100)     _IQcosTable

0001a400     690 (0001a400)     _IQsinTableEnd

0001a502     694 (0001a500)     _IQcosTableEnd
0001a502     694 (0001a500)     _IQdivRoundSatTable
0001a510     694 (0001a500)     _IQdivTable

0001a712     69c (0001a700)     _IQdivTableEnd
0001a712     69c (0001a700)     _IQisqrtRoundSatTable
0001a712     69c (0001a700)     _IQsqrtRoundSatTable
0001a722     69c (0001a700)     _IQisqrtTable
0001a722     69c (0001a700)     _IQsqrtTable

0001a824     6a0 (0001a800)     _IQatan2HalfPITable
0001a824     6a0 (0001a800)     _IQisqrtTableEnd
0001a824     6a0 (0001a800)     _IQsqrtTableEnd

0001a862     6a1 (0001a840)     _IQatan2Table

0001a9e8     6a7 (0001a9c0)     _IQ30mpyRndSatTable
0001a9e8     6a7 (0001a9c0)     _IQatan2TableEnd
0001a9e8     6a7 (0001a9c0)     _IQmpyRndSatTable
0001a9f4     6a7 (0001a9c0)     _IQ29mpyRndSatTable

0001aa00     6a8 (0001aa00)     _IQ28mpyRndSatTable
0001aa0c     6a8 (0001aa00)     _IQ27mpyRndSatTable
0001aa18     6a8 (0001aa00)     _IQ26mpyRndSatTable
0001aa24     6a8 (0001aa00)     _IQ25mpyRndSatTable
0001aa30     6a8 (0001aa00)     _IQ24mpyRndSatTable
0001aa3c     6a8 (0001aa00)     _IQ23mpyRndSatTable

0001aa48     6a9 (0001aa40)     _IQ22mpyRndSatTable
0001aa54     6a9 (0001aa40)     _IQ21mpyRndSatTable
0001aa60     6a9 (0001aa40)     _IQ20mpyRndSatTable
0001aa6c     6a9 (0001aa40)     _IQ19mpyRndSatTable
0001aa78     6a9 (0001aa40)     _IQ18mpyRndSatTable

0001aa84     6aa (0001aa80)     _IQ17mpyRndSatTable
0001aa90     6aa (0001aa80)     _IQ16mpyRndSatTable
0001aa9c     6aa (0001aa80)     _IQ15mpyRndSatTable
0001aaa8     6aa (0001aa80)     _IQ14mpyRndSatTable
0001aab4     6aa (0001aa80)     _IQ13mpyRndSatTable

0001aac0     6ab (0001aac0)     _IQ12mpyRndSatTable
0001aacc     6ab (0001aac0)     _IQ11mpyRndSatTable
0001aad8     6ab (0001aac0)     _IQ10mpyRndSatTable
0001aae4     6ab (0001aac0)     _IQ9mpyRndSatTable
0001aaf0     6ab (0001aac0)     _IQ8mpyRndSatTable
0001aafc     6ab (0001aac0)     _IQ7mpyRndSatTable

0001ab08     6ac (0001ab00)     _IQ6mpyRndSatTable
0001ab14     6ac (0001ab00)     _IQ5mpyRndSatTable
0001ab20     6ac (0001ab00)     _IQ4mpyRndSatTable
0001ab2c     6ac (0001ab00)     _IQ3mpyRndSatTable
0001ab38     6ac (0001ab00)     _IQ2mpyRndSatTable

0001ab44     6ad (0001ab40)     _IQ1mpyRndSatTable
0001ab50     6ad (0001ab40)     _IQmpyRndSatTableEnd

00047000    11c0 (00047000)     _Emif1Regs

00047800    11e0 (00047800)     _Emif2Regs

00048000    1200 (00048000)     _CanaRegs

0004a000    1280 (0004a000)     _CanbRegs

00050000    1400 (00050000)     _IpcRegs
00050024    1400 (00050000)     _FlashPumpSemaphoreRegs

0005d000    1740 (0005d000)     _DevCfgRegs

0005d180    1746 (0005d180)     _AnalogSubsysRegs

0005d200    1748 (0005d200)     _ClkCfgRegs

0005d300    174c (0005d300)     _CpuSysRegs

0005e608    1798 (0005e600)     _RomPrefetchRegs

0005f000    17c0 (0005f000)     _DcsmZ1Regs

0005f040    17c1 (0005f040)     _DcsmZ2Regs
0005f070    17c1 (0005f040)     _DcsmCommonRegs

0005f400    17d0 (0005f400)     _MemCfgRegs

0005f480    17d2 (0005f480)     _Emif1ConfigRegs
0005f4a0    17d2 (0005f480)     _Emif2ConfigRegs

0005f4c0    17d3 (0005f4c0)     _AccessProtectionRegs

0005f500    17d4 (0005f500)     _MemoryErrorRegs

0005f540    17d5 (0005f540)     _RomWaitStateRegs

0005f800    17e0 (0005f800)     _Flash0CtrlRegs

0005fb00    17ec (0005fb00)     _Flash0EccRegs

00090000    2400 (00090000)     _PieVectTableInit


GLOBAL SYMBOLS: SORTED ALPHABETICALLY BY Name 

page  address   name                                  
----  -------   ----                                  
abs   ffffffff  .text                                 
0     000832b4  C$$EXIT                               
0     0008310a  FS$$DIV                               
0     00083393  LL$$AND                               
0     0008339b  LL$$OR                                
0     000833a3  LL$$XOR                               
0     00082116  _ADCA1_ISR                            
0     00082396  _ADCA2_ISR                            
0     000823a0  _ADCA3_ISR                            
0     000823aa  _ADCA4_ISR                            
0     0008238c  _ADCA_EVT_ISR                         
0     00082120  _ADCB1_ISR                            
0     000823be  _ADCB2_ISR                            
0     000823c8  _ADCB3_ISR                            
0     000823d2  _ADCB4_ISR                            
0     000823b4  _ADCB_EVT_ISR                         
0     0008212a  _ADCC1_ISR                            
0     00082526  _ADCC2_ISR                            
0     00082530  _ADCC3_ISR                            
0     0008253a  _ADCC4_ISR                            
0     0008251c  _ADCC_EVT_ISR                         
0     00082148  _ADCD1_ISR                            
0     0008254e  _ADCD2_ISR                            
0     00082558  _ADCD3_ISR                            
0     00082562  _ADCD4_ISR                            
0     00082544  _ADCD_EVT_ISR                         
0     0008259e  _AUX_PLL_SLIP_ISR                     
1     0005f4c0  _AccessProtectionRegs                 
0     00082ef9  _AdcSetMode                           
1     00007400  _AdcaRegs                             
1     0000a802  _AdcaResult0                          
1     0000a803  _AdcaResult1                          
1     00000b00  _AdcaResultRegs                       
1     00007480  _AdcbRegs                             
1     0000a804  _AdcbResult0                          
1     0000a805  _AdcbResult1                          
1     00000b20  _AdcbResultRegs                       
1     00007500  _AdccRegs                             
1     00000b40  _AdccResultRegs                       
1     00007580  _AdcdRegs                             
1     00000b60  _AdcdResultRegs                       
1     0005d180  _AnalogSubsysRegs                     
0     00082a20  _AuxAuxClkSel                         
0     00082a0a  _AuxIntOsc2Sel                        
0     00082a14  _AuxXtalOscSel                        
0     00082364  _CANA0_ISR                            
0     0008236e  _CANA1_ISR                            
0     00082378  _CANB0_ISR                            
0     00082382  _CANB1_ISR                            
0     000823dc  _CLA1_1_ISR                           
0     000823e6  _CLA1_2_ISR                           
0     000823f0  _CLA1_3_ISR                           
0     000823fa  _CLA1_4_ISR                           
0     00082404  _CLA1_5_ISR                           
0     0008240e  _CLA1_6_ISR                           
0     00082418  _CLA1_7_ISR                           
0     00082422  _CLA1_8_ISR                           
0     000825a8  _CLA_OVERFLOW_ISR                     
0     000825b2  _CLA_UNDERFLOW_ISR                    
0     00082faf  _CalAdcINL                            
1     00048000  _CanaRegs                             
1     0004a000  _CanbRegs                             
1     00001400  _Cla1Regs                             
1     00003200  _Clb1DataExchRegs                     
1     00003000  _Clb1LogicCfgRegs                     
1     00003100  _Clb1LogicCtrlRegs                    
1     00003600  _Clb2DataExchRegs                     
1     00003400  _Clb2LogicCfgRegs                     
1     00003500  _Clb2LogicCtrlRegs                    
1     00003a00  _Clb3DataExchRegs                     
1     00003800  _Clb3LogicCfgRegs                     
1     00003900  _Clb3LogicCtrlRegs                    
1     00003e00  _Clb4DataExchRegs                     
1     00003c00  _Clb4LogicCfgRegs                     
1     00003d00  _Clb4LogicCtrlRegs                    
1     00007a40  _ClbXbarRegs                          
1     0005d200  _ClkCfgRegs                           
1     00005c80  _Cmpss1Regs                           
1     00005ca0  _Cmpss2Regs                           
1     00005cc0  _Cmpss3Regs                           
1     00005ce0  _Cmpss4Regs                           
1     00005d00  _Cmpss5Regs                           
1     00005d20  _Cmpss6Regs                           
1     00005d40  _Cmpss7Regs                           
1     00005d60  _Cmpss8Regs                           
0     0008307f  _ConfigureADC                         
0     00082a74  _ConfigureTMXAnalogTrim               
1     0005d300  _CpuSysRegs                           
1     00000c00  _CpuTimer0Regs                        
1     00000c08  _CpuTimer1Regs                        
1     00000c10  _CpuTimer2Regs                        
0     000829b5  _CsmUnlock                            
0     0008206c  _DATALOG_ISR                          
0     000822b0  _DMA_CH1_ISR                          
0     000822ba  _DMA_CH2_ISR                          
0     000822c4  _DMA_CH3_ISR                          
0     000822ce  _DMA_CH4_ISR                          
0     000822d8  _DMA_CH5_ISR                          
0     000822e2  _DMA_CH6_ISR                          
1     00005c00  _DacaRegs                             
1     00005c10  _DacbRegs                             
1     00005c20  _DaccRegs                             
1     0005f070  _DcsmCommonRegs                       
1     0005f000  _DcsmZ1Regs                           
1     0005f040  _DcsmZ2Regs                           
1     0005d000  _DevCfgRegs                           
0     000826c9  _DisableDog                           
0     0008268a  _DisablePeripheralClocks              
1     00007980  _DmaClaSrcSelRegs                     
1     00001000  _DmaRegs                              
0     00082206  _ECAP1_ISR                            
0     00082210  _ECAP2_ISR                            
0     0008221a  _ECAP3_ISR                            
0     00082224  _ECAP4_ISR                            
0     0008222e  _ECAP5_ISR                            
0     00082238  _ECAP6_ISR                            
1     00005000  _ECap1Regs                            
1     00005020  _ECap2Regs                            
1     00005040  _ECap3Regs                            
1     00005060  _ECap4Regs                            
1     00005080  _ECap5Regs                            
1     000050a0  _ECap6Regs                            
0     0008256c  _EMIF_ERROR_ISR                       
0     000825c6  _EMPTY_ISR                            
0     00082080  _EMU_ISR                              
0     000824c2  _EPWM10_ISR                           
0     0008249a  _EPWM10_TZ_ISR                        
0     000824cc  _EPWM11_ISR                           
0     000824a4  _EPWM11_TZ_ISR                        
0     000824d6  _EPWM12_ISR                           
0     000824ae  _EPWM12_TZ_ISR                        
0     000821b6  _EPWM1_ISR                            
0     00082166  _EPWM1_TZ_ISR                         
0     000821c0  _EPWM2_ISR                            
0     00082170  _EPWM2_TZ_ISR                         
0     000821ca  _EPWM3_ISR                            
0     0008217a  _EPWM3_TZ_ISR                         
0     000821d4  _EPWM4_ISR                            
0     00082184  _EPWM4_TZ_ISR                         
0     000821de  _EPWM5_ISR                            
0     0008218e  _EPWM5_TZ_ISR                         
0     000821e8  _EPWM6_ISR                            
0     00082198  _EPWM6_TZ_ISR                         
0     000821f2  _EPWM7_ISR                            
0     000821a2  _EPWM7_TZ_ISR                         
0     000821fc  _EPWM8_ISR                            
0     000821ac  _EPWM8_TZ_ISR                         
0     000824b8  _EPWM9_ISR                            
0     00082490  _EPWM9_TZ_ISR                         
1     00004900  _EPwm10Regs                           
1     00004a00  _EPwm11Regs                           
1     00004b00  _EPwm12Regs                           
1     00004000  _EPwm1Regs                            
1     00004100  _EPwm2Regs                            
1     00004200  _EPwm3Regs                            
1     00004300  _EPwm4Regs                            
1     00004400  _EPwm5Regs                            
1     00004500  _EPwm6Regs                            
1     00004600  _EPwm7Regs                            
1     00004700  _EPwm8Regs                            
1     00004800  _EPwm9Regs                            
1     00007a00  _EPwmXbarRegs                         
0     00082242  _EQEP1_ISR                            
0     0008224c  _EQEP2_ISR                            
0     00082256  _EQEP3_ISR                            
1     00005100  _EQep1Regs                            
1     00005140  _EQep2Regs                            
1     00005180  _EQep3Regs                            
1     0005f480  _Emif1ConfigRegs                      
1     00047000  _Emif1Regs                            
1     0005f4a0  _Emif2ConfigRegs                      
1     00047800  _Emif2Regs                            
0     000832fc  _EnableInterrupts                     
0     00008037  _F28x_usDelay                         
0     00082580  _FLASH_CORRECTABLE_ERROR_ISR          
0     00082454  _FPU_OVERFLOW_ISR                     
0     0008245e  _FPU_UNDERFLOW_ISR                    
1     0005f800  _Flash0CtrlRegs                       
1     0005fb00  _Flash0EccRegs                        
0     00008029  _FlashOff                             
1     00050024  _FlashPumpSemaphoreRegs               
0     00082c8a  _GPIO_EnableUnbondedIOPullups         
0     00082c65  _GPIO_EnableUnbondedIOPullupsFor100Pin
0     00082c4c  _GPIO_EnableUnbondedIOPullupsFor176Pin
0     00082ca0  _GPIO_ReadPin                         
0     00082bf1  _GPIO_SetupLock                       
0     00082ad1  _GPIO_SetupPinMux                     
0     00082b5d  _GPIO_SetupPinOptions                 
0     00082c1a  _GPIO_SetupXINT1Gpio                  
0     00082c24  _GPIO_SetupXINT2Gpio                  
0     00082c2e  _GPIO_SetupXINT3Gpio                  
0     00082c38  _GPIO_SetupXINT4Gpio                  
0     00082c42  _GPIO_SetupXINT5Gpio                  
0     00082cb7  _GPIO_WritePin                        
1     00007c00  _GpioCtrlRegs                         
1     00007f00  _GpioDataRegs                         
0     00082a3e  _HALT                                 
0     00082a57  _HIB                                  
0     000822f6  _I2CA_FIFO_ISR                        
0     000822ec  _I2CA_ISR                             
0     0008230a  _I2CB_FIFO_ISR                        
0     00082300  _I2CB_ISR                             
1     00007300  _I2caRegs                             
1     00007340  _I2cbRegs                             
0     00082a2a  _IDLE                                 
0     00082094  _ILLEGAL_ISR                          
0     00082468  _IPC0_ISR                             
0     00082472  _IPC1_ISR                             
0     0008247c  _IPC2_ISR                             
0     00082486  _IPC3_ISR                             
0     0001aad8  _IQ10mpyRndSatTable                   
0     0001aacc  _IQ11mpyRndSatTable                   
0     0001aac0  _IQ12mpyRndSatTable                   
0     0001aab4  _IQ13mpyRndSatTable                   
0     0001aaa8  _IQ14mpyRndSatTable                   
0     0001aa9c  _IQ15mpyRndSatTable                   
0     0001aa90  _IQ16mpyRndSatTable                   
0     0001aa84  _IQ17mpyRndSatTable                   
0     0001aa78  _IQ18mpyRndSatTable                   
0     0001aa6c  _IQ19mpyRndSatTable                   
0     0001ab44  _IQ1mpyRndSatTable                    
0     0001aa60  _IQ20mpyRndSatTable                   
0     0001aa54  _IQ21mpyRndSatTable                   
0     0001aa48  _IQ22mpyRndSatTable                   
0     0001aa3c  _IQ23mpyRndSatTable                   
0     0001aa30  _IQ24mpyRndSatTable                   
0     0001aa24  _IQ25mpyRndSatTable                   
0     0001aa18  _IQ26mpyRndSatTable                   
0     0001aa0c  _IQ27mpyRndSatTable                   
0     0001aa00  _IQ28mpyRndSatTable                   
0     0001a9f4  _IQ29mpyRndSatTable                   
0     0001ab38  _IQ2mpyRndSatTable                    
0     0001a9e8  _IQ30mpyRndSatTable                   
0     0001ab2c  _IQ3mpyRndSatTable                    
0     0001ab20  _IQ4mpyRndSatTable                    
0     0001ab14  _IQ5mpyRndSatTable                    
0     0001ab08  _IQ6mpyRndSatTable                    
0     0001aafc  _IQ7mpyRndSatTable                    
0     0001aaf0  _IQ8mpyRndSatTable                    
0     0001aae4  _IQ9mpyRndSatTable                    
0     0001a824  _IQatan2HalfPITable                   
0     0001a862  _IQatan2Table                         
0     0001a9e8  _IQatan2TableEnd                      
0     0001a100  _IQcosTable                           
0     0001a502  _IQcosTableEnd                        
0     0001a502  _IQdivRoundSatTable                   
0     0001a510  _IQdivTable                           
0     0001a712  _IQdivTableEnd                        
0     0001a712  _IQisqrtRoundSatTable                 
0     0001a722  _IQisqrtTable                         
0     0001a824  _IQisqrtTableEnd                      
0     0001a9e8  _IQmpyRndSatTable                     
0     0001ab50  _IQmpyRndSatTableEnd                  
0     0001a000  _IQsinTable                           
0     0001a400  _IQsinTableEnd                        
0     0001a712  _IQsqrtRoundSatTable                  
0     0001a722  _IQsqrtTable                          
0     0001a824  _IQsqrtTableEnd                       
0     000828c6  _InitAuxPll                           
0     00082ebf  _InitEPwm10Gpio                       
0     00082ed2  _InitEPwm11Gpio                       
0     00082ee6  _InitEPwm12Gpio                       
0     00082e15  _InitEPwm1Gpio                        
0     00082e27  _InitEPwm2Gpio                        
0     00082e39  _InitEPwm3Gpio                        
0     00082e4d  _InitEPwm4Gpio                        
0     00082e61  _InitEPwm5Gpio                        
0     00082e73  _InitEPwm6Gpio                        
0     00082e85  _InitEPwm7Gpio                        
0     00082e99  _InitEPwm8Gpio                        
0     00082ead  _InitEPwm9Gpio                        
0     00082dfc  _InitEPwmGpio                         
0     00082fe9  _InitEQep                             
0     00082ff1  _InitEQep1Gpio                        
0     0008301b  _InitEQep2Gpio                        
0     00083041  _InitEQep3Gpio                        
0     00082fea  _InitEQepGpio                         
0     00008000  _InitFlash                            
0     00082a91  _InitGpio                             
0     00082606  _InitPeripheralClocks                 
0     000832dd  _InitPieCtrl                          
0     0008332c  _InitPieVectTable                     
0     000825dd  _InitSysCtrl                          
0     000826d7  _InitSysPll                           
1     00007900  _InputXbarRegs                        
1     0000a801  _Interrupt_Count                      
1     00050000  _IpcRegs                              
0     00082288  _MCBSPA_RX_ISR                        
0     00082292  _MCBSPA_TX_ISR                        
0     0008229c  _MCBSPB_RX_ISR                        
0     000822a6  _MCBSPB_TX_ISR                        
1     00006000  _McbspaRegs                           
1     00006040  _McbspbRegs                           
1     0005f400  _MemCfgRegs                           
1     0005f500  _MemoryErrorRegs                      
0     0008208a  _NMI_ISR                              
0     000825d3  _NOTUSED_ISR                          
1     00007060  _NmiIntruptRegs                       
1     00007a80  _OutputXbarRegs                       
0     000825bc  _PIE_RESERVED_ISR                     
0     00082cf7  _POSSPEED_Calc                        
0     00082cd5  _POSSPEED_Init                        
1     00000ce0  _PieCtrlRegs                          
1     00000d00  _PieVectTable                         
0     00090000  _PieVectTableInit                     
0     0008258a  _RAM_ACCESS_VIOLATION_ISR             
0     00082576  _RAM_CORRECTABLE_ERROR_ISR            
0     00082076  _RTOS_ISR                             
0     0008603b  _RamfuncsLoadEnd                      
abs   0000003b  _RamfuncsLoadSize                     
0     00086000  _RamfuncsLoadStart                    
0     0000803b  _RamfuncsRunEnd                       
abs   0000003b  _RamfuncsRunSize                      
0     00008000  _RamfuncsRunStart                     
0     000826b1  _ReleaseFlashPump                     
1     0005e608  _RomPrefetchRegs                      
1     0005f540  _RomWaitStateRegs                     
0     0008233c  _SCIA_RX_ISR                          
0     00082346  _SCIA_TX_ISR                          
0     00082350  _SCIB_RX_ISR                          
0     0008235a  _SCIB_TX_ISR                          
0     00082314  _SCIC_RX_ISR                          
0     0008231e  _SCIC_TX_ISR                          
0     00082328  _SCID_RX_ISR                          
0     00082332  _SCID_TX_ISR                          
0     000824e0  _SD1_ISR                              
0     000824ea  _SD2_ISR                              
0     00082260  _SPIA_RX_ISR                          
0     0008226a  _SPIA_TX_ISR                          
0     00082274  _SPIB_RX_ISR                          
0     0008227e  _SPIB_TX_ISR                          
0     000824f4  _SPIC_RX_ISR                          
0     000824fe  _SPIC_TX_ISR                          
0     00082a33  _STANDBY                              
0     00082594  _SYS_PLL_SLIP_ISR                     
1     00007200  _SciaRegs                             
1     00007210  _ScibRegs                             
1     00007220  _ScicRegs                             
1     00007230  _ScidRegs                             
1     00005e00  _Sdfm1Regs                            
1     00005e80  _Sdfm2Regs                            
0     000826a2  _SeizeFlashPump                       
0     000826bb  _ServiceDog                           
0     000830af  _SetupADCSoftware                     
1     00006100  _SpiaRegs                             
1     00006110  _SpibRegs                             
1     00006120  _SpicRegs                             
1     00007940  _SyncSocRegs                          
0     000829d6  _SysIntOsc1Sel                        
0     000829e6  _SysIntOsc2Sel                        
0     000829fa  _SysXtalOscSel                        
0     00082152  _TIMER0_ISR                           
0     00082058  _TIMER1_ISR                           
0     00082062  _TIMER2_ISR                           
0     00082508  _UPPA_ISR                             
0     00082512  _USBA_ISR                             
0     000820f8  _USER10_ISR                           
0     00082102  _USER11_ISR                           
0     0008210c  _USER12_ISR                           
0     0008209e  _USER1_ISR                            
0     000820a8  _USER2_ISR                            
0     000820b2  _USER3_ISR                            
0     000820bc  _USER4_ISR                            
0     000820c6  _USER5_ISR                            
0     000820d0  _USER6_ISR                            
0     000820da  _USER7_ISR                            
0     000820e4  _USER8_ISR                            
0     000820ee  _USER9_ISR                            
1     00006200  _UppRegs                              
0     0008244a  _VCU_ISR                              
0     0008215c  _WAKE_ISR                             
1     00007000  _WdRegs                               
0     00082134  _XINT1_ISR                            
0     0008213e  _XINT2_ISR                            
0     0008242c  _XINT3_ISR                            
0     00082436  _XINT4_ISR                            
0     00082440  _XINT5_ISR                            
1     00007920  _XbarRegs                             
1     00007070  _XintRegs                             
0     00000122  __IQ24div                             
1     00000600  __STACK_END                           
abs   00000200  __STACK_SIZE                          
0     00000000  __TI_MEMRANGE_CRC__ccs_flash_checksum 
1     0000a834  ___TI_cleanup_ptr                     
1     0000a836  ___TI_dtors_ptr                       
1     0000a832  ___TI_enable_exit_profile_output      
abs   ffffffff  ___TI_pprof_out_hndl                  
abs   ffffffff  ___TI_prof_data_size                  
abs   ffffffff  ___TI_prof_data_start                 
abs   ffffffff  ___binit__                            
abs   ffffffff  ___c_args__                           
0     00082000  ___cinit__                            
abs   ffffffff  ___etext__                            
abs   ffffffff  ___pinit__                            
abs   ffffffff  ___text__                             
0     000833ab  __args_main                           
1     0000a838  __lock                                
0     000833c5  __nop                                 
0     000833c1  __register_lock                       
0     000833bd  __register_unlock                     
1     00000400  __stack                               
0     000833d0  __system_post_cinit                   
0     000833ce  __system_pre_init                     
1     0000a83a  __unlock                              
0     000832b4  _abort                                
0     0008325e  _c_int00                              
0     00000000  _ccs_flash_checksum                   
0     00083305  _configureDAC                         
0     00083352  _copy_in                              
0     000832b6  _exit                                 
0     00083192  _main                                 
0     00083376  _memcpy                               
0     00083207  _prdTick                              
1     0000a806  _qep_posspeed                         
0     000831d8  _readAnalog                           
abs   ffffffff  binit                                 
0     00082000  cinit                                 
0     00080000  code_start                            
abs   ffffffff  etext                                 
abs   ffffffff  pinit                                 


GLOBAL SYMBOLS: SORTED BY Symbol Address 

page  address   name                                  
----  -------   ----                                  
0     00000000  __TI_MEMRANGE_CRC__ccs_flash_checksum 
0     00000000  _ccs_flash_checksum                   
0     00000122  __IQ24div                             
0     00008000  _InitFlash                            
0     00008000  _RamfuncsRunStart                     
0     00008029  _FlashOff                             
0     00008037  _F28x_usDelay                         
0     0000803b  _RamfuncsRunEnd                       
0     0001a000  _IQsinTable                           
0     0001a100  _IQcosTable                           
0     0001a400  _IQsinTableEnd                        
0     0001a502  _IQcosTableEnd                        
0     0001a502  _IQdivRoundSatTable                   
0     0001a510  _IQdivTable                           
0     0001a712  _IQdivTableEnd                        
0     0001a712  _IQisqrtRoundSatTable                 
0     0001a712  _IQsqrtRoundSatTable                  
0     0001a722  _IQisqrtTable                         
0     0001a722  _IQsqrtTable                          
0     0001a824  _IQatan2HalfPITable                   
0     0001a824  _IQisqrtTableEnd                      
0     0001a824  _IQsqrtTableEnd                       
0     0001a862  _IQatan2Table                         
0     0001a9e8  _IQ30mpyRndSatTable                   
0     0001a9e8  _IQatan2TableEnd                      
0     0001a9e8  _IQmpyRndSatTable                     
0     0001a9f4  _IQ29mpyRndSatTable                   
0     0001aa00  _IQ28mpyRndSatTable                   
0     0001aa0c  _IQ27mpyRndSatTable                   
0     0001aa18  _IQ26mpyRndSatTable                   
0     0001aa24  _IQ25mpyRndSatTable                   
0     0001aa30  _IQ24mpyRndSatTable                   
0     0001aa3c  _IQ23mpyRndSatTable                   
0     0001aa48  _IQ22mpyRndSatTable                   
0     0001aa54  _IQ21mpyRndSatTable                   
0     0001aa60  _IQ20mpyRndSatTable                   
0     0001aa6c  _IQ19mpyRndSatTable                   
0     0001aa78  _IQ18mpyRndSatTable                   
0     0001aa84  _IQ17mpyRndSatTable                   
0     0001aa90  _IQ16mpyRndSatTable                   
0     0001aa9c  _IQ15mpyRndSatTable                   
0     0001aaa8  _IQ14mpyRndSatTable                   
0     0001aab4  _IQ13mpyRndSatTable                   
0     0001aac0  _IQ12mpyRndSatTable                   
0     0001aacc  _IQ11mpyRndSatTable                   
0     0001aad8  _IQ10mpyRndSatTable                   
0     0001aae4  _IQ9mpyRndSatTable                    
0     0001aaf0  _IQ8mpyRndSatTable                    
0     0001aafc  _IQ7mpyRndSatTable                    
0     0001ab08  _IQ6mpyRndSatTable                    
0     0001ab14  _IQ5mpyRndSatTable                    
0     0001ab20  _IQ4mpyRndSatTable                    
0     0001ab2c  _IQ3mpyRndSatTable                    
0     0001ab38  _IQ2mpyRndSatTable                    
0     0001ab44  _IQ1mpyRndSatTable                    
0     0001ab50  _IQmpyRndSatTableEnd                  
0     00080000  code_start                            
0     00082000  ___cinit__                            
0     00082000  cinit                                 
0     00082058  _TIMER1_ISR                           
0     00082062  _TIMER2_ISR                           
0     0008206c  _DATALOG_ISR                          
0     00082076  _RTOS_ISR                             
0     00082080  _EMU_ISR                              
0     0008208a  _NMI_ISR                              
0     00082094  _ILLEGAL_ISR                          
0     0008209e  _USER1_ISR                            
0     000820a8  _USER2_ISR                            
0     000820b2  _USER3_ISR                            
0     000820bc  _USER4_ISR                            
0     000820c6  _USER5_ISR                            
0     000820d0  _USER6_ISR                            
0     000820da  _USER7_ISR                            
0     000820e4  _USER8_ISR                            
0     000820ee  _USER9_ISR                            
0     000820f8  _USER10_ISR                           
0     00082102  _USER11_ISR                           
0     0008210c  _USER12_ISR                           
0     00082116  _ADCA1_ISR                            
0     00082120  _ADCB1_ISR                            
0     0008212a  _ADCC1_ISR                            
0     00082134  _XINT1_ISR                            
0     0008213e  _XINT2_ISR                            
0     00082148  _ADCD1_ISR                            
0     00082152  _TIMER0_ISR                           
0     0008215c  _WAKE_ISR                             
0     00082166  _EPWM1_TZ_ISR                         
0     00082170  _EPWM2_TZ_ISR                         
0     0008217a  _EPWM3_TZ_ISR                         
0     00082184  _EPWM4_TZ_ISR                         
0     0008218e  _EPWM5_TZ_ISR                         
0     00082198  _EPWM6_TZ_ISR                         
0     000821a2  _EPWM7_TZ_ISR                         
0     000821ac  _EPWM8_TZ_ISR                         
0     000821b6  _EPWM1_ISR                            
0     000821c0  _EPWM2_ISR                            
0     000821ca  _EPWM3_ISR                            
0     000821d4  _EPWM4_ISR                            
0     000821de  _EPWM5_ISR                            
0     000821e8  _EPWM6_ISR                            
0     000821f2  _EPWM7_ISR                            
0     000821fc  _EPWM8_ISR                            
0     00082206  _ECAP1_ISR                            
0     00082210  _ECAP2_ISR                            
0     0008221a  _ECAP3_ISR                            
0     00082224  _ECAP4_ISR                            
0     0008222e  _ECAP5_ISR                            
0     00082238  _ECAP6_ISR                            
0     00082242  _EQEP1_ISR                            
0     0008224c  _EQEP2_ISR                            
0     00082256  _EQEP3_ISR                            
0     00082260  _SPIA_RX_ISR                          
0     0008226a  _SPIA_TX_ISR                          
0     00082274  _SPIB_RX_ISR                          
0     0008227e  _SPIB_TX_ISR                          
0     00082288  _MCBSPA_RX_ISR                        
0     00082292  _MCBSPA_TX_ISR                        
0     0008229c  _MCBSPB_RX_ISR                        
0     000822a6  _MCBSPB_TX_ISR                        
0     000822b0  _DMA_CH1_ISR                          
0     000822ba  _DMA_CH2_ISR                          
0     000822c4  _DMA_CH3_ISR                          
0     000822ce  _DMA_CH4_ISR                          
0     000822d8  _DMA_CH5_ISR                          
0     000822e2  _DMA_CH6_ISR                          
0     000822ec  _I2CA_ISR                             
0     000822f6  _I2CA_FIFO_ISR                        
0     00082300  _I2CB_ISR                             
0     0008230a  _I2CB_FIFO_ISR                        
0     00082314  _SCIC_RX_ISR                          
0     0008231e  _SCIC_TX_ISR                          
0     00082328  _SCID_RX_ISR                          
0     00082332  _SCID_TX_ISR                          
0     0008233c  _SCIA_RX_ISR                          
0     00082346  _SCIA_TX_ISR                          
0     00082350  _SCIB_RX_ISR                          
0     0008235a  _SCIB_TX_ISR                          
0     00082364  _CANA0_ISR                            
0     0008236e  _CANA1_ISR                            
0     00082378  _CANB0_ISR                            
0     00082382  _CANB1_ISR                            
0     0008238c  _ADCA_EVT_ISR                         
0     00082396  _ADCA2_ISR                            
0     000823a0  _ADCA3_ISR                            
0     000823aa  _ADCA4_ISR                            
0     000823b4  _ADCB_EVT_ISR                         
0     000823be  _ADCB2_ISR                            
0     000823c8  _ADCB3_ISR                            
0     000823d2  _ADCB4_ISR                            
0     000823dc  _CLA1_1_ISR                           
0     000823e6  _CLA1_2_ISR                           
0     000823f0  _CLA1_3_ISR                           
0     000823fa  _CLA1_4_ISR                           
0     00082404  _CLA1_5_ISR                           
0     0008240e  _CLA1_6_ISR                           
0     00082418  _CLA1_7_ISR                           
0     00082422  _CLA1_8_ISR                           
0     0008242c  _XINT3_ISR                            
0     00082436  _XINT4_ISR                            
0     00082440  _XINT5_ISR                            
0     0008244a  _VCU_ISR                              
0     00082454  _FPU_OVERFLOW_ISR                     
0     0008245e  _FPU_UNDERFLOW_ISR                    
0     00082468  _IPC0_ISR                             
0     00082472  _IPC1_ISR                             
0     0008247c  _IPC2_ISR                             
0     00082486  _IPC3_ISR                             
0     00082490  _EPWM9_TZ_ISR                         
0     0008249a  _EPWM10_TZ_ISR                        
0     000824a4  _EPWM11_TZ_ISR                        
0     000824ae  _EPWM12_TZ_ISR                        
0     000824b8  _EPWM9_ISR                            
0     000824c2  _EPWM10_ISR                           
0     000824cc  _EPWM11_ISR                           
0     000824d6  _EPWM12_ISR                           
0     000824e0  _SD1_ISR                              
0     000824ea  _SD2_ISR                              
0     000824f4  _SPIC_RX_ISR                          
0     000824fe  _SPIC_TX_ISR                          
0     00082508  _UPPA_ISR                             
0     00082512  _USBA_ISR                             
0     0008251c  _ADCC_EVT_ISR                         
0     00082526  _ADCC2_ISR                            
0     00082530  _ADCC3_ISR                            
0     0008253a  _ADCC4_ISR                            
0     00082544  _ADCD_EVT_ISR                         
0     0008254e  _ADCD2_ISR                            
0     00082558  _ADCD3_ISR                            
0     00082562  _ADCD4_ISR                            
0     0008256c  _EMIF_ERROR_ISR                       
0     00082576  _RAM_CORRECTABLE_ERROR_ISR            
0     00082580  _FLASH_CORRECTABLE_ERROR_ISR          
0     0008258a  _RAM_ACCESS_VIOLATION_ISR             
0     00082594  _SYS_PLL_SLIP_ISR                     
0     0008259e  _AUX_PLL_SLIP_ISR                     
0     000825a8  _CLA_OVERFLOW_ISR                     
0     000825b2  _CLA_UNDERFLOW_ISR                    
0     000825bc  _PIE_RESERVED_ISR                     
0     000825c6  _EMPTY_ISR                            
0     000825d3  _NOTUSED_ISR                          
0     000825dd  _InitSysCtrl                          
0     00082606  _InitPeripheralClocks                 
0     0008268a  _DisablePeripheralClocks              
0     000826a2  _SeizeFlashPump                       
0     000826b1  _ReleaseFlashPump                     
0     000826bb  _ServiceDog                           
0     000826c9  _DisableDog                           
0     000826d7  _InitSysPll                           
0     000828c6  _InitAuxPll                           
0     000829b5  _CsmUnlock                            
0     000829d6  _SysIntOsc1Sel                        
0     000829e6  _SysIntOsc2Sel                        
0     000829fa  _SysXtalOscSel                        
0     00082a0a  _AuxIntOsc2Sel                        
0     00082a14  _AuxXtalOscSel                        
0     00082a20  _AuxAuxClkSel                         
0     00082a2a  _IDLE                                 
0     00082a33  _STANDBY                              
0     00082a3e  _HALT                                 
0     00082a57  _HIB                                  
0     00082a74  _ConfigureTMXAnalogTrim               
0     00082a91  _InitGpio                             
0     00082ad1  _GPIO_SetupPinMux                     
0     00082b5d  _GPIO_SetupPinOptions                 
0     00082bf1  _GPIO_SetupLock                       
0     00082c1a  _GPIO_SetupXINT1Gpio                  
0     00082c24  _GPIO_SetupXINT2Gpio                  
0     00082c2e  _GPIO_SetupXINT3Gpio                  
0     00082c38  _GPIO_SetupXINT4Gpio                  
0     00082c42  _GPIO_SetupXINT5Gpio                  
0     00082c4c  _GPIO_EnableUnbondedIOPullupsFor176Pin
0     00082c65  _GPIO_EnableUnbondedIOPullupsFor100Pin
0     00082c8a  _GPIO_EnableUnbondedIOPullups         
0     00082ca0  _GPIO_ReadPin                         
0     00082cb7  _GPIO_WritePin                        
0     00082cd5  _POSSPEED_Init                        
0     00082cf7  _POSSPEED_Calc                        
0     00082dfc  _InitEPwmGpio                         
0     00082e15  _InitEPwm1Gpio                        
0     00082e27  _InitEPwm2Gpio                        
0     00082e39  _InitEPwm3Gpio                        
0     00082e4d  _InitEPwm4Gpio                        
0     00082e61  _InitEPwm5Gpio                        
0     00082e73  _InitEPwm6Gpio                        
0     00082e85  _InitEPwm7Gpio                        
0     00082e99  _InitEPwm8Gpio                        
0     00082ead  _InitEPwm9Gpio                        
0     00082ebf  _InitEPwm10Gpio                       
0     00082ed2  _InitEPwm11Gpio                       
0     00082ee6  _InitEPwm12Gpio                       
0     00082ef9  _AdcSetMode                           
0     00082faf  _CalAdcINL                            
0     00082fe9  _InitEQep                             
0     00082fea  _InitEQepGpio                         
0     00082ff1  _InitEQep1Gpio                        
0     0008301b  _InitEQep2Gpio                        
0     00083041  _InitEQep3Gpio                        
0     0008307f  _ConfigureADC                         
0     000830af  _SetupADCSoftware                     
0     0008310a  FS$$DIV                               
0     00083192  _main                                 
0     000831d8  _readAnalog                           
0     00083207  _prdTick                              
0     0008325e  _c_int00                              
0     000832b4  C$$EXIT                               
0     000832b4  _abort                                
0     000832b6  _exit                                 
0     000832dd  _InitPieCtrl                          
0     000832fc  _EnableInterrupts                     
0     00083305  _configureDAC                         
0     0008332c  _InitPieVectTable                     
0     00083352  _copy_in                              
0     00083376  _memcpy                               
0     00083393  LL$$AND                               
0     0008339b  LL$$OR                                
0     000833a3  LL$$XOR                               
0     000833ab  __args_main                           
0     000833bd  __register_unlock                     
0     000833c1  __register_lock                       
0     000833c5  __nop                                 
0     000833ce  __system_pre_init                     
0     000833d0  __system_post_cinit                   
0     00086000  _RamfuncsLoadStart                    
0     0008603b  _RamfuncsLoadEnd                      
0     00090000  _PieVectTableInit                     
1     00000400  __stack                               
1     00000600  __STACK_END                           
1     00000b00  _AdcaResultRegs                       
1     00000b20  _AdcbResultRegs                       
1     00000b40  _AdccResultRegs                       
1     00000b60  _AdcdResultRegs                       
1     00000c00  _CpuTimer0Regs                        
1     00000c08  _CpuTimer1Regs                        
1     00000c10  _CpuTimer2Regs                        
1     00000ce0  _PieCtrlRegs                          
1     00000d00  _PieVectTable                         
1     00001000  _DmaRegs                              
1     00001400  _Cla1Regs                             
1     00003000  _Clb1LogicCfgRegs                     
1     00003100  _Clb1LogicCtrlRegs                    
1     00003200  _Clb1DataExchRegs                     
1     00003400  _Clb2LogicCfgRegs                     
1     00003500  _Clb2LogicCtrlRegs                    
1     00003600  _Clb2DataExchRegs                     
1     00003800  _Clb3LogicCfgRegs                     
1     00003900  _Clb3LogicCtrlRegs                    
1     00003a00  _Clb3DataExchRegs                     
1     00003c00  _Clb4LogicCfgRegs                     
1     00003d00  _Clb4LogicCtrlRegs                    
1     00003e00  _Clb4DataExchRegs                     
1     00004000  _EPwm1Regs                            
1     00004100  _EPwm2Regs                            
1     00004200  _EPwm3Regs                            
1     00004300  _EPwm4Regs                            
1     00004400  _EPwm5Regs                            
1     00004500  _EPwm6Regs                            
1     00004600  _EPwm7Regs                            
1     00004700  _EPwm8Regs                            
1     00004800  _EPwm9Regs                            
1     00004900  _EPwm10Regs                           
1     00004a00  _EPwm11Regs                           
1     00004b00  _EPwm12Regs                           
1     00005000  _ECap1Regs                            
1     00005020  _ECap2Regs                            
1     00005040  _ECap3Regs                            
1     00005060  _ECap4Regs                            
1     00005080  _ECap5Regs                            
1     000050a0  _ECap6Regs                            
1     00005100  _EQep1Regs                            
1     00005140  _EQep2Regs                            
1     00005180  _EQep3Regs                            
1     00005c00  _DacaRegs                             
1     00005c10  _DacbRegs                             
1     00005c20  _DaccRegs                             
1     00005c80  _Cmpss1Regs                           
1     00005ca0  _Cmpss2Regs                           
1     00005cc0  _Cmpss3Regs                           
1     00005ce0  _Cmpss4Regs                           
1     00005d00  _Cmpss5Regs                           
1     00005d20  _Cmpss6Regs                           
1     00005d40  _Cmpss7Regs                           
1     00005d60  _Cmpss8Regs                           
1     00005e00  _Sdfm1Regs                            
1     00005e80  _Sdfm2Regs                            
1     00006000  _McbspaRegs                           
1     00006040  _McbspbRegs                           
1     00006100  _SpiaRegs                             
1     00006110  _SpibRegs                             
1     00006120  _SpicRegs                             
1     00006200  _UppRegs                              
1     00007000  _WdRegs                               
1     00007060  _NmiIntruptRegs                       
1     00007070  _XintRegs                             
1     00007200  _SciaRegs                             
1     00007210  _ScibRegs                             
1     00007220  _ScicRegs                             
1     00007230  _ScidRegs                             
1     00007300  _I2caRegs                             
1     00007340  _I2cbRegs                             
1     00007400  _AdcaRegs                             
1     00007480  _AdcbRegs                             
1     00007500  _AdccRegs                             
1     00007580  _AdcdRegs                             
1     00007900  _InputXbarRegs                        
1     00007920  _XbarRegs                             
1     00007940  _SyncSocRegs                          
1     00007980  _DmaClaSrcSelRegs                     
1     00007a00  _EPwmXbarRegs                         
1     00007a40  _ClbXbarRegs                          
1     00007a80  _OutputXbarRegs                       
1     00007c00  _GpioCtrlRegs                         
1     00007f00  _GpioDataRegs                         
1     0000a801  _Interrupt_Count                      
1     0000a802  _AdcaResult0                          
1     0000a803  _AdcaResult1                          
1     0000a804  _AdcbResult0                          
1     0000a805  _AdcbResult1                          
1     0000a806  _qep_posspeed                         
1     0000a832  ___TI_enable_exit_profile_output      
1     0000a834  ___TI_cleanup_ptr                     
1     0000a836  ___TI_dtors_ptr                       
1     0000a838  __lock                                
1     0000a83a  __unlock                              
1     00047000  _Emif1Regs                            
1     00047800  _Emif2Regs                            
1     00048000  _CanaRegs                             
1     0004a000  _CanbRegs                             
1     00050000  _IpcRegs                              
1     00050024  _FlashPumpSemaphoreRegs               
1     0005d000  _DevCfgRegs                           
1     0005d180  _AnalogSubsysRegs                     
1     0005d200  _ClkCfgRegs                           
1     0005d300  _CpuSysRegs                           
1     0005e608  _RomPrefetchRegs                      
1     0005f000  _DcsmZ1Regs                           
1     0005f040  _DcsmZ2Regs                           
1     0005f070  _DcsmCommonRegs                       
1     0005f400  _MemCfgRegs                           
1     0005f480  _Emif1ConfigRegs                      
1     0005f4a0  _Emif2ConfigRegs                      
1     0005f4c0  _AccessProtectionRegs                 
1     0005f500  _MemoryErrorRegs                      
1     0005f540  _RomWaitStateRegs                     
1     0005f800  _Flash0CtrlRegs                       
1     0005fb00  _Flash0EccRegs                        
abs   0000003b  _RamfuncsLoadSize                     
abs   0000003b  _RamfuncsRunSize                      
abs   00000200  __STACK_SIZE                          
abs   ffffffff  .text                                 
abs   ffffffff  ___TI_pprof_out_hndl                  
abs   ffffffff  ___TI_prof_data_size                  
abs   ffffffff  ___TI_prof_data_start                 
abs   ffffffff  ___binit__                            
abs   ffffffff  ___c_args__                           
abs   ffffffff  ___etext__                            
abs   ffffffff  ___pinit__                            
abs   ffffffff  ___text__                             
abs   ffffffff  binit                                 
abs   ffffffff  etext                                 
abs   ffffffff  pinit                                 

[420 symbols]
